2026-02-27 02:54:44,757 - INFO - Starting workflow for file: US Embassy - Weekly Schedule.pdf
2026-02-27 02:54:44,880 - WARNING - Could not get FontBBox from font descriptor because None cannot be parsed as 4 floats
2026-02-27 02:54:44,885 - WARNING - Could not get FontBBox from font descriptor because None cannot be parsed as 4 floats
2026-02-27 02:54:44,894 - WARNING - Could not get FontBBox from font descriptor because None cannot be parsed as 4 floats
2026-02-27 02:54:44,921 - WARNING - Could not get FontBBox from font descriptor because None cannot be parsed as 4 floats
2026-02-27 02:54:44,923 - WARNING - Could not get FontBBox from font descriptor because None cannot be parsed as 4 floats
2026-02-27 02:54:45,111 - WARNING - Could not get FontBBox from font descriptor because None cannot be parsed as 4 floats
2026-02-27 02:54:45,125 - WARNING - Could not get FontBBox from font descriptor because None cannot be parsed as 4 floats
2026-02-27 02:54:45,162 - WARNING - Could not get FontBBox from font descriptor because None cannot be parsed as 4 floats
2026-02-27 02:54:45,190 - WARNING - Could not get FontBBox from font descriptor because None cannot be parsed as 4 floats
2026-02-27 02:54:45,397 - WARNING - Could not get FontBBox from font descriptor because None cannot be parsed as 4 floats
2026-02-27 02:54:45,414 - WARNING - Could not get FontBBox from font descriptor because None cannot be parsed as 4 floats
2026-02-27 02:54:45,429 - WARNING - Could not get FontBBox from font descriptor because None cannot be parsed as 4 floats
2026-02-27 02:54:45,454 - WARNING - Could not get FontBBox from font descriptor because None cannot be parsed as 4 floats
2026-02-27 02:54:45,462 - WARNING - Could not get FontBBox from font descriptor because None cannot be parsed as 4 floats
2026-02-27 02:54:45,479 - WARNING - Could not get FontBBox from font descriptor because None cannot be parsed as 4 floats
2026-02-27 02:54:45,701 - WARNING - Could not get FontBBox from font descriptor because None cannot be parsed as 4 floats
2026-02-27 02:54:45,710 - WARNING - Could not get FontBBox from font descriptor because None cannot be parsed as 4 floats
2026-02-27 02:54:45,721 - WARNING - Could not get FontBBox from font descriptor because None cannot be parsed as 4 floats
2026-02-27 02:54:45,730 - WARNING - Could not get FontBBox from font descriptor because None cannot be parsed as 4 floats
2026-02-27 02:54:45,735 - WARNING - Could not get FontBBox from font descriptor because None cannot be parsed as 4 floats
2026-02-27 02:54:45,995 - WARNING - Could not get FontBBox from font descriptor because None cannot be parsed as 4 floats
2026-02-27 02:54:46,019 - WARNING - Could not get FontBBox from font descriptor because None cannot be parsed as 4 floats
2026-02-27 02:54:46,032 - WARNING - Could not get FontBBox from font descriptor because None cannot be parsed as 4 floats
2026-02-27 02:54:46,070 - WARNING - Could not get FontBBox from font descriptor because None cannot be parsed as 4 floats
2026-02-27 02:54:46,364 - WARNING - Could not get FontBBox from font descriptor because None cannot be parsed as 4 floats
2026-02-27 02:54:46,373 - WARNING - Could not get FontBBox from font descriptor because None cannot be parsed as 4 floats
2026-02-27 02:54:46,382 - WARNING - Could not get FontBBox from font descriptor because None cannot be parsed as 4 floats
2026-02-27 02:54:46,393 - WARNING - Could not get FontBBox from font descriptor because None cannot be parsed as 4 floats
2026-02-27 02:54:46,718 - WARNING - Could not get FontBBox from font descriptor because None cannot be parsed as 4 floats
2026-02-27 02:54:46,726 - WARNING - Could not get FontBBox from font descriptor because None cannot be parsed as 4 floats
2026-02-27 02:54:46,734 - WARNING - Could not get FontBBox from font descriptor because None cannot be parsed as 4 floats
2026-02-27 02:54:46,744 - WARNING - Could not get FontBBox from font descriptor because None cannot be parsed as 4 floats
2026-02-27 02:54:46,973 - WARNING - Could not get FontBBox from font descriptor because None cannot be parsed as 4 floats
2026-02-27 02:54:46,984 - WARNING - Could not get FontBBox from font descriptor because None cannot be parsed as 4 floats
2026-02-27 02:54:46,995 - WARNING - Could not get FontBBox from font descriptor because None cannot be parsed as 4 floats
2026-02-27 02:54:47,007 - WARNING - Could not get FontBBox from font descriptor because None cannot be parsed as 4 floats
2026-02-27 02:54:47,168 - WARNING - Could not get FontBBox from font descriptor because None cannot be parsed as 4 floats
2026-02-27 02:54:47,179 - WARNING - Could not get FontBBox from font descriptor because None cannot be parsed as 4 floats
2026-02-27 02:54:47,192 - WARNING - Could not get FontBBox from font descriptor because None cannot be parsed as 4 floats
2026-02-27 02:54:47,206 - WARNING - Could not get FontBBox from font descriptor because None cannot be parsed as 4 floats
2026-02-27 02:54:47,409 - WARNING - Could not get FontBBox from font descriptor because None cannot be parsed as 4 floats
2026-02-27 02:54:47,421 - WARNING - Could not get FontBBox from font descriptor because None cannot be parsed as 4 floats
2026-02-27 02:54:47,431 - WARNING - Could not get FontBBox from font descriptor because None cannot be parsed as 4 floats
2026-02-27 02:54:47,448 - WARNING - Could not get FontBBox from font descriptor because None cannot be parsed as 4 floats
2026-02-27 02:54:47,685 - WARNING - Could not get FontBBox from font descriptor because None cannot be parsed as 4 floats
2026-02-27 02:54:47,696 - WARNING - Could not get FontBBox from font descriptor because None cannot be parsed as 4 floats
2026-02-27 02:54:47,711 - WARNING - Could not get FontBBox from font descriptor because None cannot be parsed as 4 floats
2026-02-27 02:54:47,730 - WARNING - Could not get FontBBox from font descriptor because None cannot be parsed as 4 floats
2026-02-27 02:54:47,966 - WARNING - Could not get FontBBox from font descriptor because None cannot be parsed as 4 floats
2026-02-27 02:54:47,974 - WARNING - Could not get FontBBox from font descriptor because None cannot be parsed as 4 floats
2026-02-27 02:54:47,985 - WARNING - Could not get FontBBox from font descriptor because None cannot be parsed as 4 floats
2026-02-27 02:54:47,996 - WARNING - Could not get FontBBox from font descriptor because None cannot be parsed as 4 floats
2026-02-27 02:54:48,004 - WARNING - Could not get FontBBox from font descriptor because None cannot be parsed as 4 floats
2026-02-27 02:54:48,157 - WARNING - Could not get FontBBox from font descriptor because None cannot be parsed as 4 floats
2026-02-27 02:54:48,175 - WARNING - Could not get FontBBox from font descriptor because None cannot be parsed as 4 floats
2026-02-27 02:54:48,205 - WARNING - Could not get FontBBox from font descriptor because None cannot be parsed as 4 floats
2026-02-27 02:54:48,227 - WARNING - Could not get FontBBox from font descriptor because None cannot be parsed as 4 floats
2026-02-27 02:54:48,897 - WARNING - Could not get FontBBox from font descriptor because None cannot be parsed as 4 floats
2026-02-27 02:54:48,907 - WARNING - Could not get FontBBox from font descriptor because None cannot be parsed as 4 floats
2026-02-27 02:54:48,926 - WARNING - Could not get FontBBox from font descriptor because None cannot be parsed as 4 floats
2026-02-27 02:54:48,938 - WARNING - Could not get FontBBox from font descriptor because None cannot be parsed as 4 floats
2026-02-27 02:54:49,165 - WARNING - Could not get FontBBox from font descriptor because None cannot be parsed as 4 floats
2026-02-27 02:54:49,175 - WARNING - Could not get FontBBox from font descriptor because None cannot be parsed as 4 floats
2026-02-27 02:54:49,242 - WARNING - Could not get FontBBox from font descriptor because None cannot be parsed as 4 floats
2026-02-27 02:54:49,269 - WARNING - Could not get FontBBox from font descriptor because None cannot be parsed as 4 floats
2026-02-27 02:54:49,716 - WARNING - Could not get FontBBox from font descriptor because None cannot be parsed as 4 floats
2026-02-27 02:54:49,731 - WARNING - Could not get FontBBox from font descriptor because None cannot be parsed as 4 floats
2026-02-27 02:54:49,758 - WARNING - Could not get FontBBox from font descriptor because None cannot be parsed as 4 floats
2026-02-27 02:54:49,774 - WARNING - Could not get FontBBox from font descriptor because None cannot be parsed as 4 floats
2026-02-27 02:54:50,107 - WARNING - Could not get FontBBox from font descriptor because None cannot be parsed as 4 floats
2026-02-27 02:54:50,119 - WARNING - Could not get FontBBox from font descriptor because None cannot be parsed as 4 floats
2026-02-27 02:54:50,169 - WARNING - Could not get FontBBox from font descriptor because None cannot be parsed as 4 floats
2026-02-27 02:54:50,185 - WARNING - Could not get FontBBox from font descriptor because None cannot be parsed as 4 floats
2026-02-27 02:54:50,501 - WARNING - Could not get FontBBox from font descriptor because None cannot be parsed as 4 floats
2026-02-27 02:54:50,529 - WARNING - Could not get FontBBox from font descriptor because None cannot be parsed as 4 floats
2026-02-27 02:54:50,559 - WARNING - Could not get FontBBox from font descriptor because None cannot be parsed as 4 floats
2026-02-27 02:54:50,571 - WARNING - Could not get FontBBox from font descriptor because None cannot be parsed as 4 floats
2026-02-27 02:54:50,838 - WARNING - Could not get FontBBox from font descriptor because None cannot be parsed as 4 floats
2026-02-27 02:54:50,848 - WARNING - Could not get FontBBox from font descriptor because None cannot be parsed as 4 floats
2026-02-27 02:54:50,874 - WARNING - Could not get FontBBox from font descriptor because None cannot be parsed as 4 floats
2026-02-27 02:54:50,892 - WARNING - Could not get FontBBox from font descriptor because None cannot be parsed as 4 floats
2026-02-27 02:54:51,160 - WARNING - Could not get FontBBox from font descriptor because None cannot be parsed as 4 floats
2026-02-27 02:54:51,168 - WARNING - Could not get FontBBox from font descriptor because None cannot be parsed as 4 floats
2026-02-27 02:54:51,187 - WARNING - Could not get FontBBox from font descriptor because None cannot be parsed as 4 floats
2026-02-27 02:54:51,197 - WARNING - Could not get FontBBox from font descriptor because None cannot be parsed as 4 floats
2026-02-27 02:54:51,310 - WARNING - Could not get FontBBox from font descriptor because None cannot be parsed as 4 floats
2026-02-27 02:54:51,318 - WARNING - Could not get FontBBox from font descriptor because None cannot be parsed as 4 floats
2026-02-27 02:54:51,334 - WARNING - Could not get FontBBox from font descriptor because None cannot be parsed as 4 floats
2026-02-27 02:54:51,343 - WARNING - Could not get FontBBox from font descriptor because None cannot be parsed as 4 floats
2026-02-27 02:54:51,346 - WARNING - Could not get FontBBox from font descriptor because None cannot be parsed as 4 floats
2026-02-27 02:54:51,526 - WARNING - Could not get FontBBox from font descriptor because None cannot be parsed as 4 floats
2026-02-27 02:54:51,532 - WARNING - Could not get FontBBox from font descriptor because None cannot be parsed as 4 floats
2026-02-27 02:54:51,551 - WARNING - Could not get FontBBox from font descriptor because None cannot be parsed as 4 floats
2026-02-27 02:54:51,562 - WARNING - Could not get FontBBox from font descriptor because None cannot be parsed as 4 floats
2026-02-27 02:54:51,679 - WARNING - Could not get FontBBox from font descriptor because None cannot be parsed as 4 floats
2026-02-27 02:54:51,686 - WARNING - Could not get FontBBox from font descriptor because None cannot be parsed as 4 floats
2026-02-27 02:54:51,702 - WARNING - Could not get FontBBox from font descriptor because None cannot be parsed as 4 floats
2026-02-27 02:54:51,729 - WARNING - Could not get FontBBox from font descriptor because None cannot be parsed as 4 floats
2026-02-27 02:54:51,833 - WARNING - Could not get FontBBox from font descriptor because None cannot be parsed as 4 floats
2026-02-27 02:54:51,838 - WARNING - Could not get FontBBox from font descriptor because None cannot be parsed as 4 floats
2026-02-27 02:54:51,846 - WARNING - Could not get FontBBox from font descriptor because None cannot be parsed as 4 floats
2026-02-27 02:54:51,852 - WARNING - Could not get FontBBox from font descriptor because None cannot be parsed as 4 floats
2026-02-27 02:54:52,021 - WARNING - Could not get FontBBox from font descriptor because None cannot be parsed as 4 floats
2026-02-27 02:54:52,030 - WARNING - Could not get FontBBox from font descriptor because None cannot be parsed as 4 floats
2026-02-27 02:54:52,040 - WARNING - Could not get FontBBox from font descriptor because None cannot be parsed as 4 floats
2026-02-27 02:54:52,049 - WARNING - Could not get FontBBox from font descriptor because None cannot be parsed as 4 floats
2026-02-27 02:54:52,162 - WARNING - Could not get FontBBox from font descriptor because None cannot be parsed as 4 floats
2026-02-27 02:54:52,172 - WARNING - Could not get FontBBox from font descriptor because None cannot be parsed as 4 floats
2026-02-27 02:54:52,197 - WARNING - Could not get FontBBox from font descriptor because None cannot be parsed as 4 floats
2026-02-27 02:54:52,210 - WARNING - Could not get FontBBox from font descriptor because None cannot be parsed as 4 floats
2026-02-27 02:54:52,224 - WARNING - Could not get FontBBox from font descriptor because None cannot be parsed as 4 floats
2026-02-27 02:54:52,231 - WARNING - Could not get FontBBox from font descriptor because None cannot be parsed as 4 floats
2026-02-27 02:54:52,446 - WARNING - Could not get FontBBox from font descriptor because None cannot be parsed as 4 floats
2026-02-27 02:54:52,455 - WARNING - Could not get FontBBox from font descriptor because None cannot be parsed as 4 floats
2026-02-27 02:54:52,478 - WARNING - Could not get FontBBox from font descriptor because None cannot be parsed as 4 floats
2026-02-27 02:54:52,491 - WARNING - Could not get FontBBox from font descriptor because None cannot be parsed as 4 floats
2026-02-27 02:54:52,500 - WARNING - Could not get FontBBox from font descriptor because None cannot be parsed as 4 floats
2026-02-27 02:54:52,512 - WARNING - Could not get FontBBox from font descriptor because None cannot be parsed as 4 floats
2026-02-27 02:54:52,702 - WARNING - Could not get FontBBox from font descriptor because None cannot be parsed as 4 floats
2026-02-27 02:54:52,711 - WARNING - Could not get FontBBox from font descriptor because None cannot be parsed as 4 floats
2026-02-27 02:54:52,730 - WARNING - Could not get FontBBox from font descriptor because None cannot be parsed as 4 floats
2026-02-27 02:54:52,743 - WARNING - Could not get FontBBox from font descriptor because None cannot be parsed as 4 floats
2026-02-27 02:54:52,756 - WARNING - Could not get FontBBox from font descriptor because None cannot be parsed as 4 floats
2026-02-27 02:54:52,768 - WARNING - Could not get FontBBox from font descriptor because None cannot be parsed as 4 floats
2026-02-27 02:54:52,777 - WARNING - Could not get FontBBox from font descriptor because None cannot be parsed as 4 floats
2026-02-27 02:54:52,780 - WARNING - Could not get FontBBox from font descriptor because None cannot be parsed as 4 floats
2026-02-27 02:54:53,219 - WARNING - Could not get FontBBox from font descriptor because None cannot be parsed as 4 floats
2026-02-27 02:54:53,226 - WARNING - Could not get FontBBox from font descriptor because None cannot be parsed as 4 floats
2026-02-27 02:54:53,238 - WARNING - Could not get FontBBox from font descriptor because None cannot be parsed as 4 floats
2026-02-27 02:54:53,244 - WARNING - Could not get FontBBox from font descriptor because None cannot be parsed as 4 floats
2026-02-27 02:54:53,250 - WARNING - Could not get FontBBox from font descriptor because None cannot be parsed as 4 floats
2026-02-27 02:54:53,255 - WARNING - Could not get FontBBox from font descriptor because None cannot be parsed as 4 floats
2026-02-27 02:54:53,261 - WARNING - Could not get FontBBox from font descriptor because None cannot be parsed as 4 floats
2026-02-27 02:54:53,262 - WARNING - Could not get FontBBox from font descriptor because None cannot be parsed as 4 floats
2026-02-27 02:54:53,379 - WARNING - Could not get FontBBox from font descriptor because None cannot be parsed as 4 floats
2026-02-27 02:54:53,386 - WARNING - Could not get FontBBox from font descriptor because None cannot be parsed as 4 floats
2026-02-27 02:54:53,395 - WARNING - Could not get FontBBox from font descriptor because None cannot be parsed as 4 floats
2026-02-27 02:54:53,404 - WARNING - Could not get FontBBox from font descriptor because None cannot be parsed as 4 floats
2026-02-27 02:54:53,408 - WARNING - Could not get FontBBox from font descriptor because None cannot be parsed as 4 floats
2026-02-27 02:54:53,412 - WARNING - Could not get FontBBox from font descriptor because None cannot be parsed as 4 floats
2026-02-27 02:54:53,480 - INFO - Successfully extracted 5 items from PDF.
2026-02-27 02:54:55,736 - INFO - HTTP Request: POST https://ovxyydclbeupumiqxthv.supabase.co/rest/v1/schedule_data?on_conflict=week%2Cprogram%2Cmodule&columns=%22week%22%2C%22tasks%22%2C%22program%22%2C%22module%22%2C%22topics%22 "HTTP/2 400 Bad Request"
2026-02-27 02:54:55,749 - ERROR - Database operation failed: {'message': 'there is no unique or exclusion constraint matching the ON CONFLICT specification', 'code': '42P10', 'hint': None, 'details': None}
2026-02-27 02:54:55,750 - ERROR - CRITICAL APPLICATION FAILURE: Sync stage failed: Error saving to Supabase: {'message': 'there is no unique or exclusion constraint matching the ON CONFLICT specification', 'code': '42P10', 'hint': None, 'details': None}
Traceback (most recent call last):
  File "c:\Users\Administrator\Desktop\Sprints_Internship\learner-chatbot-agf-intern\agent.py", line 33, in main
    raise Exception(f"Sync stage failed: {db_result}")
Exception: Sync stage failed: Error saving to Supabase: {'message': 'there is no unique or exclusion constraint matching the ON CONFLICT specification', 'code': '42P10', 'hint': None, 'details': None}
2026-02-27 03:30:25,969 - INFO - Starting workflow for file: US Embassy - Weekly Schedule.pdf
2026-02-27 03:30:26,044 - WARNING - Could not get FontBBox from font descriptor because None cannot be parsed as 4 floats
2026-02-27 03:30:26,048 - WARNING - Could not get FontBBox from font descriptor because None cannot be parsed as 4 floats
2026-02-27 03:30:26,054 - WARNING - Could not get FontBBox from font descriptor because None cannot be parsed as 4 floats
2026-02-27 03:30:26,058 - WARNING - Could not get FontBBox from font descriptor because None cannot be parsed as 4 floats
2026-02-27 03:30:26,060 - WARNING - Could not get FontBBox from font descriptor because None cannot be parsed as 4 floats
2026-02-27 03:30:26,158 - WARNING - Could not get FontBBox from font descriptor because None cannot be parsed as 4 floats
2026-02-27 03:30:26,163 - WARNING - Could not get FontBBox from font descriptor because None cannot be parsed as 4 floats
2026-02-27 03:30:26,170 - WARNING - Could not get FontBBox from font descriptor because None cannot be parsed as 4 floats
2026-02-27 03:30:26,174 - WARNING - Could not get FontBBox from font descriptor because None cannot be parsed as 4 floats
2026-02-27 03:30:26,260 - WARNING - Could not get FontBBox from font descriptor because None cannot be parsed as 4 floats
2026-02-27 03:30:26,266 - WARNING - Could not get FontBBox from font descriptor because None cannot be parsed as 4 floats
2026-02-27 03:30:26,272 - WARNING - Could not get FontBBox from font descriptor because None cannot be parsed as 4 floats
2026-02-27 03:30:26,276 - WARNING - Could not get FontBBox from font descriptor because None cannot be parsed as 4 floats
2026-02-27 03:30:26,278 - WARNING - Could not get FontBBox from font descriptor because None cannot be parsed as 4 floats
2026-02-27 03:30:26,279 - WARNING - Could not get FontBBox from font descriptor because None cannot be parsed as 4 floats
2026-02-27 03:30:26,369 - WARNING - Could not get FontBBox from font descriptor because None cannot be parsed as 4 floats
2026-02-27 03:30:26,375 - WARNING - Could not get FontBBox from font descriptor because None cannot be parsed as 4 floats
2026-02-27 03:30:26,384 - WARNING - Could not get FontBBox from font descriptor because None cannot be parsed as 4 floats
2026-02-27 03:30:26,389 - WARNING - Could not get FontBBox from font descriptor because None cannot be parsed as 4 floats
2026-02-27 03:30:26,391 - WARNING - Could not get FontBBox from font descriptor because None cannot be parsed as 4 floats
2026-02-27 03:30:26,495 - WARNING - Could not get FontBBox from font descriptor because None cannot be parsed as 4 floats
2026-02-27 03:30:26,500 - WARNING - Could not get FontBBox from font descriptor because None cannot be parsed as 4 floats
2026-02-27 03:30:26,504 - WARNING - Could not get FontBBox from font descriptor because None cannot be parsed as 4 floats
2026-02-27 03:30:26,508 - WARNING - Could not get FontBBox from font descriptor because None cannot be parsed as 4 floats
2026-02-27 03:30:26,601 - WARNING - Could not get FontBBox from font descriptor because None cannot be parsed as 4 floats
2026-02-27 03:30:26,606 - WARNING - Could not get FontBBox from font descriptor because None cannot be parsed as 4 floats
2026-02-27 03:30:26,611 - WARNING - Could not get FontBBox from font descriptor because None cannot be parsed as 4 floats
2026-02-27 03:30:26,617 - WARNING - Could not get FontBBox from font descriptor because None cannot be parsed as 4 floats
2026-02-27 03:30:26,712 - WARNING - Could not get FontBBox from font descriptor because None cannot be parsed as 4 floats
2026-02-27 03:30:26,718 - WARNING - Could not get FontBBox from font descriptor because None cannot be parsed as 4 floats
2026-02-27 03:30:26,724 - WARNING - Could not get FontBBox from font descriptor because None cannot be parsed as 4 floats
2026-02-27 03:30:26,729 - WARNING - Could not get FontBBox from font descriptor because None cannot be parsed as 4 floats
2026-02-27 03:30:26,815 - WARNING - Could not get FontBBox from font descriptor because None cannot be parsed as 4 floats
2026-02-27 03:30:26,820 - WARNING - Could not get FontBBox from font descriptor because None cannot be parsed as 4 floats
2026-02-27 03:30:26,826 - WARNING - Could not get FontBBox from font descriptor because None cannot be parsed as 4 floats
2026-02-27 03:30:26,831 - WARNING - Could not get FontBBox from font descriptor because None cannot be parsed as 4 floats
2026-02-27 03:30:26,906 - WARNING - Could not get FontBBox from font descriptor because None cannot be parsed as 4 floats
2026-02-27 03:30:26,910 - WARNING - Could not get FontBBox from font descriptor because None cannot be parsed as 4 floats
2026-02-27 03:30:26,915 - WARNING - Could not get FontBBox from font descriptor because None cannot be parsed as 4 floats
2026-02-27 03:30:26,922 - WARNING - Could not get FontBBox from font descriptor because None cannot be parsed as 4 floats
2026-02-27 03:30:27,007 - WARNING - Could not get FontBBox from font descriptor because None cannot be parsed as 4 floats
2026-02-27 03:30:27,012 - WARNING - Could not get FontBBox from font descriptor because None cannot be parsed as 4 floats
2026-02-27 03:30:27,021 - WARNING - Could not get FontBBox from font descriptor because None cannot be parsed as 4 floats
2026-02-27 03:30:27,027 - WARNING - Could not get FontBBox from font descriptor because None cannot be parsed as 4 floats
2026-02-27 03:30:27,127 - WARNING - Could not get FontBBox from font descriptor because None cannot be parsed as 4 floats
2026-02-27 03:30:27,132 - WARNING - Could not get FontBBox from font descriptor because None cannot be parsed as 4 floats
2026-02-27 03:30:27,138 - WARNING - Could not get FontBBox from font descriptor because None cannot be parsed as 4 floats
2026-02-27 03:30:27,143 - WARNING - Could not get FontBBox from font descriptor because None cannot be parsed as 4 floats
2026-02-27 03:30:27,238 - WARNING - Could not get FontBBox from font descriptor because None cannot be parsed as 4 floats
2026-02-27 03:30:27,243 - WARNING - Could not get FontBBox from font descriptor because None cannot be parsed as 4 floats
2026-02-27 03:30:27,249 - WARNING - Could not get FontBBox from font descriptor because None cannot be parsed as 4 floats
2026-02-27 03:30:27,257 - WARNING - Could not get FontBBox from font descriptor because None cannot be parsed as 4 floats
2026-02-27 03:30:27,259 - WARNING - Could not get FontBBox from font descriptor because None cannot be parsed as 4 floats
2026-02-27 03:30:27,343 - WARNING - Could not get FontBBox from font descriptor because None cannot be parsed as 4 floats
2026-02-27 03:30:27,347 - WARNING - Could not get FontBBox from font descriptor because None cannot be parsed as 4 floats
2026-02-27 03:30:27,353 - WARNING - Could not get FontBBox from font descriptor because None cannot be parsed as 4 floats
2026-02-27 03:30:27,360 - WARNING - Could not get FontBBox from font descriptor because None cannot be parsed as 4 floats
2026-02-27 03:30:27,486 - WARNING - Could not get FontBBox from font descriptor because None cannot be parsed as 4 floats
2026-02-27 03:30:27,491 - WARNING - Could not get FontBBox from font descriptor because None cannot be parsed as 4 floats
2026-02-27 03:30:27,502 - WARNING - Could not get FontBBox from font descriptor because None cannot be parsed as 4 floats
2026-02-27 03:30:27,507 - WARNING - Could not get FontBBox from font descriptor because None cannot be parsed as 4 floats
2026-02-27 03:30:27,578 - WARNING - Could not get FontBBox from font descriptor because None cannot be parsed as 4 floats
2026-02-27 03:30:27,584 - WARNING - Could not get FontBBox from font descriptor because None cannot be parsed as 4 floats
2026-02-27 03:30:27,593 - WARNING - Could not get FontBBox from font descriptor because None cannot be parsed as 4 floats
2026-02-27 03:30:27,597 - WARNING - Could not get FontBBox from font descriptor because None cannot be parsed as 4 floats
2026-02-27 03:30:27,711 - WARNING - Could not get FontBBox from font descriptor because None cannot be parsed as 4 floats
2026-02-27 03:30:27,716 - WARNING - Could not get FontBBox from font descriptor because None cannot be parsed as 4 floats
2026-02-27 03:30:27,726 - WARNING - Could not get FontBBox from font descriptor because None cannot be parsed as 4 floats
2026-02-27 03:30:27,731 - WARNING - Could not get FontBBox from font descriptor because None cannot be parsed as 4 floats
2026-02-27 03:30:27,804 - WARNING - Could not get FontBBox from font descriptor because None cannot be parsed as 4 floats
2026-02-27 03:30:27,809 - WARNING - Could not get FontBBox from font descriptor because None cannot be parsed as 4 floats
2026-02-27 03:30:27,819 - WARNING - Could not get FontBBox from font descriptor because None cannot be parsed as 4 floats
2026-02-27 03:30:27,824 - WARNING - Could not get FontBBox from font descriptor because None cannot be parsed as 4 floats
2026-02-27 03:30:27,903 - WARNING - Could not get FontBBox from font descriptor because None cannot be parsed as 4 floats
2026-02-27 03:30:27,907 - WARNING - Could not get FontBBox from font descriptor because None cannot be parsed as 4 floats
2026-02-27 03:30:27,915 - WARNING - Could not get FontBBox from font descriptor because None cannot be parsed as 4 floats
2026-02-27 03:30:27,921 - WARNING - Could not get FontBBox from font descriptor because None cannot be parsed as 4 floats
2026-02-27 03:30:28,023 - WARNING - Could not get FontBBox from font descriptor because None cannot be parsed as 4 floats
2026-02-27 03:30:28,033 - WARNING - Could not get FontBBox from font descriptor because None cannot be parsed as 4 floats
2026-02-27 03:30:28,045 - WARNING - Could not get FontBBox from font descriptor because None cannot be parsed as 4 floats
2026-02-27 03:30:28,051 - WARNING - Could not get FontBBox from font descriptor because None cannot be parsed as 4 floats
2026-02-27 03:30:28,155 - WARNING - Could not get FontBBox from font descriptor because None cannot be parsed as 4 floats
2026-02-27 03:30:28,161 - WARNING - Could not get FontBBox from font descriptor because None cannot be parsed as 4 floats
2026-02-27 03:30:28,171 - WARNING - Could not get FontBBox from font descriptor because None cannot be parsed as 4 floats
2026-02-27 03:30:28,178 - WARNING - Could not get FontBBox from font descriptor because None cannot be parsed as 4 floats
2026-02-27 03:30:28,250 - WARNING - Could not get FontBBox from font descriptor because None cannot be parsed as 4 floats
2026-02-27 03:30:28,255 - WARNING - Could not get FontBBox from font descriptor because None cannot be parsed as 4 floats
2026-02-27 03:30:28,263 - WARNING - Could not get FontBBox from font descriptor because None cannot be parsed as 4 floats
2026-02-27 03:30:28,268 - WARNING - Could not get FontBBox from font descriptor because None cannot be parsed as 4 floats
2026-02-27 03:30:28,273 - WARNING - Could not get FontBBox from font descriptor because None cannot be parsed as 4 floats
2026-02-27 03:30:28,381 - WARNING - Could not get FontBBox from font descriptor because None cannot be parsed as 4 floats
2026-02-27 03:30:28,386 - WARNING - Could not get FontBBox from font descriptor because None cannot be parsed as 4 floats
2026-02-27 03:30:28,395 - WARNING - Could not get FontBBox from font descriptor because None cannot be parsed as 4 floats
2026-02-27 03:30:28,400 - WARNING - Could not get FontBBox from font descriptor because None cannot be parsed as 4 floats
2026-02-27 03:30:28,468 - WARNING - Could not get FontBBox from font descriptor because None cannot be parsed as 4 floats
2026-02-27 03:30:28,473 - WARNING - Could not get FontBBox from font descriptor because None cannot be parsed as 4 floats
2026-02-27 03:30:28,480 - WARNING - Could not get FontBBox from font descriptor because None cannot be parsed as 4 floats
2026-02-27 03:30:28,489 - WARNING - Could not get FontBBox from font descriptor because None cannot be parsed as 4 floats
2026-02-27 03:30:28,579 - WARNING - Could not get FontBBox from font descriptor because None cannot be parsed as 4 floats
2026-02-27 03:30:28,584 - WARNING - Could not get FontBBox from font descriptor because None cannot be parsed as 4 floats
2026-02-27 03:30:28,592 - WARNING - Could not get FontBBox from font descriptor because None cannot be parsed as 4 floats
2026-02-27 03:30:28,597 - WARNING - Could not get FontBBox from font descriptor because None cannot be parsed as 4 floats
2026-02-27 03:30:28,687 - WARNING - Could not get FontBBox from font descriptor because None cannot be parsed as 4 floats
2026-02-27 03:30:28,692 - WARNING - Could not get FontBBox from font descriptor because None cannot be parsed as 4 floats
2026-02-27 03:30:28,699 - WARNING - Could not get FontBBox from font descriptor because None cannot be parsed as 4 floats
2026-02-27 03:30:28,705 - WARNING - Could not get FontBBox from font descriptor because None cannot be parsed as 4 floats
2026-02-27 03:30:28,756 - WARNING - Could not get FontBBox from font descriptor because None cannot be parsed as 4 floats
2026-02-27 03:30:28,761 - WARNING - Could not get FontBBox from font descriptor because None cannot be parsed as 4 floats
2026-02-27 03:30:28,772 - WARNING - Could not get FontBBox from font descriptor because None cannot be parsed as 4 floats
2026-02-27 03:30:28,778 - WARNING - Could not get FontBBox from font descriptor because None cannot be parsed as 4 floats
2026-02-27 03:30:28,782 - WARNING - Could not get FontBBox from font descriptor because None cannot be parsed as 4 floats
2026-02-27 03:30:28,788 - WARNING - Could not get FontBBox from font descriptor because None cannot be parsed as 4 floats
2026-02-27 03:30:28,884 - WARNING - Could not get FontBBox from font descriptor because None cannot be parsed as 4 floats
2026-02-27 03:30:28,888 - WARNING - Could not get FontBBox from font descriptor because None cannot be parsed as 4 floats
2026-02-27 03:30:28,898 - WARNING - Could not get FontBBox from font descriptor because None cannot be parsed as 4 floats
2026-02-27 03:30:28,904 - WARNING - Could not get FontBBox from font descriptor because None cannot be parsed as 4 floats
2026-02-27 03:30:28,908 - WARNING - Could not get FontBBox from font descriptor because None cannot be parsed as 4 floats
2026-02-27 03:30:28,912 - WARNING - Could not get FontBBox from font descriptor because None cannot be parsed as 4 floats
2026-02-27 03:30:29,008 - WARNING - Could not get FontBBox from font descriptor because None cannot be parsed as 4 floats
2026-02-27 03:30:29,013 - WARNING - Could not get FontBBox from font descriptor because None cannot be parsed as 4 floats
2026-02-27 03:30:29,024 - WARNING - Could not get FontBBox from font descriptor because None cannot be parsed as 4 floats
2026-02-27 03:30:29,029 - WARNING - Could not get FontBBox from font descriptor because None cannot be parsed as 4 floats
2026-02-27 03:30:29,034 - WARNING - Could not get FontBBox from font descriptor because None cannot be parsed as 4 floats
2026-02-27 03:30:29,042 - WARNING - Could not get FontBBox from font descriptor because None cannot be parsed as 4 floats
2026-02-27 03:30:29,057 - WARNING - Could not get FontBBox from font descriptor because None cannot be parsed as 4 floats
2026-02-27 03:30:29,073 - WARNING - Could not get FontBBox from font descriptor because None cannot be parsed as 4 floats
2026-02-27 03:30:29,359 - WARNING - Could not get FontBBox from font descriptor because None cannot be parsed as 4 floats
2026-02-27 03:30:29,366 - WARNING - Could not get FontBBox from font descriptor because None cannot be parsed as 4 floats
2026-02-27 03:30:29,377 - WARNING - Could not get FontBBox from font descriptor because None cannot be parsed as 4 floats
2026-02-27 03:30:29,383 - WARNING - Could not get FontBBox from font descriptor because None cannot be parsed as 4 floats
2026-02-27 03:30:29,391 - WARNING - Could not get FontBBox from font descriptor because None cannot be parsed as 4 floats
2026-02-27 03:30:29,395 - WARNING - Could not get FontBBox from font descriptor because None cannot be parsed as 4 floats
2026-02-27 03:30:29,400 - WARNING - Could not get FontBBox from font descriptor because None cannot be parsed as 4 floats
2026-02-27 03:30:29,403 - WARNING - Could not get FontBBox from font descriptor because None cannot be parsed as 4 floats
2026-02-27 03:30:29,501 - WARNING - Could not get FontBBox from font descriptor because None cannot be parsed as 4 floats
2026-02-27 03:30:29,506 - WARNING - Could not get FontBBox from font descriptor because None cannot be parsed as 4 floats
2026-02-27 03:30:29,513 - WARNING - Could not get FontBBox from font descriptor because None cannot be parsed as 4 floats
2026-02-27 03:30:29,518 - WARNING - Could not get FontBBox from font descriptor because None cannot be parsed as 4 floats
2026-02-27 03:30:29,523 - WARNING - Could not get FontBBox from font descriptor because None cannot be parsed as 4 floats
2026-02-27 03:30:29,526 - WARNING - Could not get FontBBox from font descriptor because None cannot be parsed as 4 floats
2026-02-27 03:30:29,588 - INFO - Successfully extracted 5 items from PDF.
2026-02-27 03:30:31,099 - INFO - HTTP Request: POST https://ovxyydclbeupumiqxthv.supabase.co/rest/v1/schedule_data?on_conflict=week%2Cprogram%2Cmodule&columns=%22module%22%2C%22program%22%2C%22week%22%2C%22tasks%22%2C%22topics%22 "HTTP/2 400 Bad Request"
2026-02-27 03:30:31,109 - ERROR - Database operation failed: {'message': 'there is no unique or exclusion constraint matching the ON CONFLICT specification', 'code': '42P10', 'hint': None, 'details': None}
2026-02-27 03:30:31,109 - ERROR - CRITICAL APPLICATION FAILURE: Sync stage failed: Error saving to Supabase: {'message': 'there is no unique or exclusion constraint matching the ON CONFLICT specification', 'code': '42P10', 'hint': None, 'details': None}
Traceback (most recent call last):
  File "c:\Users\Administrator\Desktop\Sprints_Internship\learner-chatbot-agf-intern\agent.py", line 33, in main
    raise Exception(f"Sync stage failed: {db_result}")
Exception: Sync stage failed: Error saving to Supabase: {'message': 'there is no unique or exclusion constraint matching the ON CONFLICT specification', 'code': '42P10', 'hint': None, 'details': None}
